// Jest Snapshot v1, https://goo.gl/fbAQLP

exports[`should render ExpenseListItem correctly 1`] = `
<div>
  <Link
    replace={false}
    to="/edit/1"
  >
    <h3>
      Gum
    </h3>
  </Link>
  <p>
    Cost: 
    $195.00
  </p>
  <p>
    Date: 
    Dec 31st, 1969
  </p>
</div>
`;
